  MKDIR     build/cooja/obj/.deps
  CC        node-sender.c
  CC        crypto_core.c
  CC        crypto_core_session.c
  CC        /home/selfi/contiki-ng/arch/platform/cooja/sys/cooja_mt.c
  CC        /home/selfi/contiki-ng/arch/platform/cooja/./rtimer-arch.c
  CC        /home/selfi/contiki-ng/arch/platform/cooja/dev/watchdog.c
  CC        /home/selfi/contiki-ng/arch/platform/cooja/./int-master.c
  CC        /home/selfi/contiki-ng/arch/platform/cooja/dev/beep.c
  CC        /home/selfi/contiki-ng/arch/platform/cooja/dev/ip.c
  CC        /home/selfi/contiki-ng/arch/platform/cooja/dev/leds-arch.c
  CC        /home/selfi/contiki-ng/arch/platform/cooja/dev/moteid.c
  CC        /home/selfi/contiki-ng/arch/platform/cooja/dev/pir-sensor.c
  CC        /home/selfi/contiki-ng/arch/platform/cooja/dev/rs232.c
  CC        /home/selfi/contiki-ng/arch/platform/cooja/dev/vib-sensor.c
  CC        /home/selfi/contiki-ng/arch/platform/cooja/sys/clock.c
  CC        /home/selfi/contiki-ng/arch/platform/cooja/sys/cooja-log.c
  CC        /home/selfi/contiki-ng/arch/platform/cooja/cfs/cfs-cooja.c
  CC        /home/selfi/contiki-ng/arch/platform/cooja/dev/cooja-radio.c
  CC        /home/selfi/contiki-ng/arch/platform/cooja/dev/eeprom.c
  CC        /home/selfi/contiki-ng/arch/platform/cooja/./slip-arch.c
  CC        /home/selfi/contiki-ng/arch/platform/cooja/./platform.c
  CC        /home/selfi/contiki-ng/arch/platform/cooja/./mtype.c
  CC        /home/selfi/contiki-ng/os/lib/random.c
  CC        /home/selfi/contiki-ng/os/lib/sensors.c
  CC        /home/selfi/contiki-ng/os/dev/leds.c
  CC        /home/selfi/contiki-ng/arch/platform/cooja/dev/gpio-hal-arch.c
  CC        /home/selfi/contiki-ng/arch/platform/cooja/dev/buttons.c
  CC        /home/selfi/contiki-ng/os/contiki-main.c
  CC        /home/selfi/contiki-ng/os/dev/button-hal.c
  CC        /home/selfi/contiki-ng/os/dev/gpio-hal.c
  CC        /home/selfi/contiki-ng/os/dev/nullradio.c
  CC        /home/selfi/contiki-ng/os/dev/serial-line.c
  CC        /home/selfi/contiki-ng/os/dev/slip.c
  CC        /home/selfi/contiki-ng/os/lib/aes-128.c
  CC        /home/selfi/contiki-ng/os/lib/assert.c
  CC        /home/selfi/contiki-ng/os/lib/bitrev.c
  CC        /home/selfi/contiki-ng/os/lib/cbor.c
  CC        /home/selfi/contiki-ng/os/lib/ccm-star.c
  CC        /home/selfi/contiki-ng/os/lib/circular-list.c
  CC        /home/selfi/contiki-ng/os/lib/crc16.c
  CC        /home/selfi/contiki-ng/os/lib/csprng.c
  CC        /home/selfi/contiki-ng/os/lib/dbl-circ-list.c
  CC        /home/selfi/contiki-ng/os/lib/dbl-list.c
  CC        /home/selfi/contiki-ng/os/lib/ecc-curve.c
  CC        /home/selfi/contiki-ng/os/lib/heapmem.c
  CC        /home/selfi/contiki-ng/os/lib/hexconv.c
  CC        /home/selfi/contiki-ng/os/lib/ifft.c
  CC        /home/selfi/contiki-ng/os/lib/iq-seeder.c
  CC        /home/selfi/contiki-ng/os/lib/list.c
  CC        /home/selfi/contiki-ng/os/lib/memb.c
  CC        /home/selfi/contiki-ng/os/lib/ringbuf.c
  CC        /home/selfi/contiki-ng/os/lib/ringbufindex.c
  CC        /home/selfi/contiki-ng/os/lib/sfc16-prng.c
  CC        /home/selfi/contiki-ng/os/lib/sfc32-prng.c
  CC        /home/selfi/contiki-ng/os/lib/sha-256.c
  CC        /home/selfi/contiki-ng/os/lib/trickle-timer.c
  CC        /home/selfi/contiki-ng/os/net/linkaddr.c
  CC        /home/selfi/contiki-ng/os/net/link-stats.c
  CC        /home/selfi/contiki-ng/os/net/nbr-table.c
  CC        /home/selfi/contiki-ng/os/net/net-debug.c
  CC        /home/selfi/contiki-ng/os/net/netstack.c
  CC        /home/selfi/contiki-ng/os/net/packetbuf.c
  CC        /home/selfi/contiki-ng/os/net/queuebuf.c
  CC        /home/selfi/contiki-ng/os/net/ipv6/ip64-addr.c
  CC        /home/selfi/contiki-ng/os/net/ipv6/psock.c
  CC        /home/selfi/contiki-ng/os/net/ipv6/sicslowpan.c
  CC        /home/selfi/contiki-ng/os/net/ipv6/simple-udp.c
  CC        /home/selfi/contiki-ng/os/net/ipv6/tcpip.c
  CC        /home/selfi/contiki-ng/os/net/ipv6/tcp-socket.c
  CC        /home/selfi/contiki-ng/os/net/ipv6/udp-socket.c
  CC        /home/selfi/contiki-ng/os/net/ipv6/uip6.c
  CC        /home/selfi/contiki-ng/os/net/ipv6/uipbuf.c
  CC        /home/selfi/contiki-ng/os/net/ipv6/uip-ds6.c
  CC        /home/selfi/contiki-ng/os/net/ipv6/uip-ds6-nbr.c
  CC        /home/selfi/contiki-ng/os/net/ipv6/uip-ds6-route.c
  CC        /home/selfi/contiki-ng/os/net/ipv6/uip-icmp6.c
  CC        /home/selfi/contiki-ng/os/net/ipv6/uiplib.c
  CC        /home/selfi/contiki-ng/os/net/ipv6/uip-nameserver.c
  CC        /home/selfi/contiki-ng/os/net/ipv6/uip-nd6.c
  CC        /home/selfi/contiki-ng/os/net/ipv6/uip-packetqueue.c
  CC        /home/selfi/contiki-ng/os/net/ipv6/uip-sr.c
  CC        /home/selfi/contiki-ng/os/net/ipv6/uip-udp-packet.c
  CC        /home/selfi/contiki-ng/os/net/mac/anti-replay.c
  CC        /home/selfi/contiki-ng/os/net/mac/ccm-star-packetbuf.c
  CC        /home/selfi/contiki-ng/os/net/mac/mac-sequence.c
  CC        /home/selfi/contiki-ng/os/net/mac/csma/csma.c
  CC        /home/selfi/contiki-ng/os/net/mac/csma/csma-output.c
  CC        /home/selfi/contiki-ng/os/net/mac/csma/csma-security.c
  CC        /home/selfi/contiki-ng/os/net/mac/framer/frame802154.c
  CC        /home/selfi/contiki-ng/os/net/mac/framer/frame802154e-ie.c
  CC        /home/selfi/contiki-ng/os/net/mac/framer/framer-802154.c
  CC        /home/selfi/contiki-ng/os/net/mac/framer/nullframer.c
  CC        /home/selfi/contiki-ng/os/net/routing/rpl-lite/rpl.c
  CC        /home/selfi/contiki-ng/os/net/routing/rpl-lite/rpl-dag.c
  CC        /home/selfi/contiki-ng/os/net/routing/rpl-lite/rpl-dag-root.c
  CC        /home/selfi/contiki-ng/os/net/routing/rpl-lite/rpl-ext-header.c
  CC        /home/selfi/contiki-ng/os/net/routing/rpl-lite/rpl-icmp6.c
  CC        /home/selfi/contiki-ng/os/net/routing/rpl-lite/rpl-mrhof.c
  CC        /home/selfi/contiki-ng/os/net/routing/rpl-lite/rpl-nbr-policy.c
  CC        /home/selfi/contiki-ng/os/net/routing/rpl-lite/rpl-neighbor.c
  CC        /home/selfi/contiki-ng/os/net/routing/rpl-lite/rpl-of0.c
  CC        /home/selfi/contiki-ng/os/net/routing/rpl-lite/rpl-timers.c
  CC        /home/selfi/contiki-ng/os/sys/atomic.c
  CC        /home/selfi/contiki-ng/os/sys/autostart.c
  CC        /home/selfi/contiki-ng/os/sys/compower.c
  CC        /home/selfi/contiki-ng/os/sys/ctimer.c
  CC        /home/selfi/contiki-ng/os/sys/energest.c
  CC        /home/selfi/contiki-ng/os/sys/etimer.c
  CC        /home/selfi/contiki-ng/os/sys/log.c
  CC        /home/selfi/contiki-ng/os/sys/mutex.c
  CC        /home/selfi/contiki-ng/os/sys/node-id.c
  CC        /home/selfi/contiki-ng/os/sys/process.c
  CC        /home/selfi/contiki-ng/os/sys/process-mutex.c
  CC        /home/selfi/contiki-ng/os/sys/rtimer.c
  CC        /home/selfi/contiki-ng/os/sys/stimer.c
  CC        /home/selfi/contiki-ng/os/sys/timer.c
  LD        build/cooja/node-sender.cooja
  CC        node-gateway.c
  LD        build/cooja/node-gateway.cooja
